 ┃
 ┃ What's 2+2?
 ┃

    root


   2 + 2 equals 4.
























 ──────────────────────────────────────────────────────────────────────────────────────────────────────────────────────
  ▎Simple Math: Additi… ×  +

   Type your message here…

  ▄▄▄▄▄▄▄▄▄▄▄▄▄▄▄▄▄▄▄▄▄▄▄▄▄▄▄▄▄▄▄▄▄▄▄▄▄▄▄▄▄▄▄▄▄▄▄▄▄▄▄▄▄▄▄▄▄▄▄▄▄▄▄▄▄▄▄▄▄▄▄▄▄▄▄▄▄▄▄▄▄▄▄▄▄▄▄▄▄▄▄▄▄▄▄▄▄▄▄▄▄▄▄▄▄ Context 0%

 Ctrl+c quit  Tab switch focus  Ctrl+t/w new/close tab  Ctrl+p/n prev/next tab  Ctrl+k commands  C... docker agent test